[backblue.gif]
[fade.gif]
[index.html]
[neepco.co.in/rss.xml]
[code.jquery.com/jquery-3.6.0.min45e0.js]
[code.jquery.com/jquery-migrate-3.0.0.min.js]
[neepco.co.in/sites/all/themes/neepco_new/img/logo.png]
[neepco.co.in/sites/all/themes/neepco_new/img/logo_sm.png]
[neepco.co.in/sites/default/files/banner1n.jpg]
[neepco.co.in/sites/default/files/banner1.jpg]
[neepco.co.in/sites/default/files/banner2.jpg]
[neepco.co.in/sites/default/files/banner4n.jpg]
[neepco.co.in/sites/default/files/corporate_1.png]
[neepco.co.in/sites/default/files/performance_1.png]
[neepco.co.in/sites/default/files/generation-f.png]
[neepco.co.in/sites/default/files/Web_Banner_1.jpg]
[neepco.co.in/sites/default/files/CVC_EPledge-2022.jpg]
[neepco.co.in/sites/default/files/K.jpg]
[neepco.co.in/sites/default/files/rashtragaan.jpg]
[neepco.co.in/sites/default/files/pidpi_Thumbnail.jpg]
[neepco.co.in/sites/default/files/pidpi_1.pdf]
[neepco.co.in/sites/default/files/akam-home-banner-eng.jpg]
[neepco.co.in/sites/default/files/1_0.jpg]
[neepco.co.in/sites/default/files/COVID_19_Campaign.pdf]
[neepco.co.in/sites/default/files/Shri-R.-K-new.jpg]
[neepco.co.in/sites/default/files/logoE_0.jpg]
[neepco.co.in/sites/default/files/NCW Women.jpg]
[neepco.co.in/sites/default/files/samanvay_logo.png]
[neepco.co.in/sites/default/files/brand4.png]
[neepco.co.in/sites/default/files/brand3.png]
[neepco.co.in/sites/default/files/brand2.png]
[neepco.co.in/sites/default/files/brand1.png]
[neepco.co.in/sites/default/files/Har-Ghar-Tiranga-01.jpg]
[neepco.co.in/sites/default/files/stqccerficate.pdf]
[neepco.co.in/sites/default/files/styles/large/public/field/image/neepcstqc_logo.png]
[neepco.co.in/index.html]
[neepco.co.in/sites/all/themes/neepco_new/favicon.html]
[neepco.co.in/sites/all/themes/neepco_new/css_version2/vc-mm-new2.css]
[neepco.co.in/sites/all/themes/neepco_new/css_version2/black-new.css]
[neepco.co.in/sites/all/themes/neepco_new/css_version2/css_bigge.css]
[neepco.co.in/sites/all/themes/neepco_new/css_version2/css_small.css]
[neepco.co.in/misc/throbber-inactive.png]
[neepco.co.in/misc/throbber-active.gif]
[neepco.co.in/misc/grippie.png]
[neepco.co.in/misc/draggable.png]
[neepco.co.in/misc/tree.png]
[neepco.co.in/misc/tree-bottom.png]
[neepco.co.in/modules/system/system.baseda09.css]
[neepco.co.in/misc/menu-expanded.png]
[neepco.co.in/misc/menu-collapsed.png]
[neepco.co.in/misc/menu-leaf.png]
[neepco.co.in/modules/system/system.menusda09.css]
[neepco.co.in/misc/message-24-ok.png]
[neepco.co.in/misc/message-24-warning.png]
[neepco.co.in/misc/message-24-error.png]
[neepco.co.in/modules/system/system.messagesda09.css]
[neepco.co.in/misc/help.png]
[neepco.co.in/misc/progress.gif]
[neepco.co.in/modules/system/system.themeda09.css]
[neepco.co.in/modules/book/bookda09.css]
[neepco.co.in/modules/comment/commentda09.css]
[neepco.co.in/sites/all/modules/date/date_api/dateda09.css]
[neepco.co.in/sites/all/modules/date/date_popup/themes/datepicker.1.7da09.css]
[neepco.co.in/sites/all/modules/date/date_repeat_field/date_repeat_fieldda09.css]
[neepco.co.in/modules/field/theme/fieldda09.css]
[neepco.co.in/modules/node/nodeda09.css]
[neepco.co.in/modules/search/searchda09.css]
[neepco.co.in/modules/user/userda09.css]
[neepco.co.in/misc/forum-icons.png]
[neepco.co.in/modules/forum/forumda09.css]
[neepco.co.in/sites/all/modules/views/css/viewsda09.css]
[neepco.co.in/sites/all/modules/ckeditor/css/ckeditorda09.css]
[neepco.co.in/sites/all/modules/ctools/images/status-active.gif]
[neepco.co.in/sites/all/modules/ctools/css/ctoolsda09.css]
[neepco.co.in/sites/all/modules/panels/css/panelsda09.css]
[neepco.co.in/sites/all/modules/video/css/videoda09.css]
[neepco.co.in/sites/all/modules/encrypt_submissions/css/images/throbber.gif]
[neepco.co.in/sites/all/modules/encrypt_submissions/css/encrypt_submissionsda09.css]
[neepco.co.in/modules/locale/localeda09.css]
[neepco.co.in/sites/all/themes/neepco_new/css_version2/bootstrap.minda09.css]
[neepco.co.in/sites/all/themes/neepco_new/css_version2/fontsda09.css]
[neepco.co.in/sites/all/themes/neepco_new/css_version2/font-awesome.minda09.css]
[neepco.co.in/sites/all/themes/neepco_new/css_version2/owl.carousel.minda09.css]
[neepco.co.in/sites/all/themes/neepco_new/css_version2/owl.theme.default.minda09.css]
[neepco.co.in/sites/all/themes/neepco_new/css_version2/easy-responsive-tabsda09.css]
[neepco.co.in/sites/all/themes/neepco_new/img/body_top.png]
[neepco.co.in/sites/all/themes/neepco_new/images/bg-grayish.png]
[neepco.co.in/sites/all/themes/neepco_new/images/news.png]
[neepco.co.in/sites/all/themes/neepco_new/images/award_tit.png]
[neepco.co.in/sites/all/themes/neepco_new/images/award_dot.png]
[neepco.co.in/sites/all/themes/neepco_new/images/social_icon_log.png]
[neepco.co.in/sites/all/themes/neepco_new/css_version2/style-new2da09.css]
[neepco.co.in/sites/all/themes/neepco_new/css_version2/vc-mm-new2da09.css]
[neepco.co.in/sites/all/themes/neepco_new/css_version2/responsive-new2da09.css]
[neepco.co.in/sites/all/themes/neepco_new/css_version2/liMarqueeda09.css]
[neepco.co.in/sites/all/themes/neepco_new/css_version2/endlessRiverda09.css]
[neepco.co.in/sites/all/themes/neepco_new/images/cbp-loading.gif]
[neepco.co.in/sites/all/themes/neepco_new/images/cbp-sprite.png]
[neepco.co.in/sites/all/themes/neepco_new/images/cbp-loading-popup.gif]
[neepco.co.in/sites/all/themes/neepco_new/css_version2/cubeportfolio.minda09.css]
[neepco.co.in/sites/all/themes/neepco_new/css_version2/gallery.minda09.css]
[neepco.co.in/sites/all/themes/neepco_new/css_version2/jquery.fancybox.minda09.css]
[neepco.co.in/sites/all/themes/neepco_new/css_version2/printda09.css]
[neepco.co.in/sites/all/themes/neepco_new/css_version2/response3da09.css]
[neepco.co.in/sites/all/modules/jquery_update/replace/jquery-migrate/3/jquery-migrate.min.js]
[neepco.co.in/misc/jquery.once7839.js]
[neepco.co.in/misc/drupalda09.js]
[neepco.co.in/sites/all/modules/charts/modules/charts_google/charts_googlec619.js]
[neepco.co.in/sites/all/modules/admin_menu/admin_devel/admin_develda09.js]
[neepco.co.in/sites/all/modules/video/js/videoda09.js]
[neepco.co.in/sites/all/modules/encrypt_submissions/jcryption/jquery.jcryptionda09.js]
[neepco.co.in/sites/all/modules/encrypt_submissions/js/encryption_submissionsda09.js]
[neepco.co.in/sites/all/modules/captcha/captchada09.js]
[neepco.co.in/sites/all/themes/neepco_new/js/jquery.minv-1.12da09.js]
[neepco.co.in/sites/all/themes/neepco_new/js/news-scrollerda09.js]
[neepco.co.in/sites/all/themes/neepco_new/js/owl.carousel.minda09.js]
[neepco.co.in/sites/all/themes/neepco_new/js/tabsda09.js]
[neepco.co.in/sites/all/themes/neepco_new/js/easyResponsiveTabsda09.js]
[neepco.co.in/sites/all/themes/neepco_new/js/styleswitchda09.js]
[neepco.co.in/sites/all/themes/neepco_new/js/commonda09.js]
[neepco.co.in/sites/all/themes/neepco_new/js/vc-mmda09.js]
[neepco.co.in/sites/all/themes/neepco_new/js/endlessRiverda09.js]
[neepco.co.in/sites/all/themes/neepco_new/js/crawlerda09.js]
[neepco.co.in/sites/all/themes/neepco_new/js/jquery.cubeportfolio.minda09.js]
[neepco.co.in/sites/all/themes/neepco_new/js/protfolio_mainda09.js]
[neepco.co.in/sites/all/themes/neepco_new/js/gallery/modernizr.custom.97074da09.js]
[neepco.co.in/sites/all/themes/neepco_new/js/gallery/lightgallery.minda09.js]
[neepco.co.in/sites/all/themes/neepco_new/js/gallery/lg-fullscreen.minda09.js]
[neepco.co.in/sites/all/themes/neepco_new/js/gallery/lg-thumbnail.minda09.js]
[neepco.co.in/sites/all/themes/neepco_new/js/gallery/lg-video.minda09.js]
[neepco.co.in/sites/all/themes/neepco_new/js/gallery/lg-autoplay.minda09.js]
[neepco.co.in/sites/all/themes/neepco_new/js/gallery/lg-zoom.minda09.js]
[neepco.co.in/sites/all/themes/neepco_new/js/gallery/lg-hash.minda09.js]
[neepco.co.in/sites/all/themes/neepco_new/js/gallery/lg-pager.minda09.js]
[neepco.co.in/sites/all/themes/neepco_new/js/gallery/jquery.mousewheel.minda09.js]
[neepco.co.in/sites/all/themes/neepco_new/js/gallery/jquery.hoverdirda09.js]
[neepco.co.in/sites/all/themes/neepco_new/js/gallery/jquery.fs.boxerda09.js]
[neepco.co.in/sites/all/themes/neepco_new/js/smk-accordionda09.js]
[neepco.co.in/sites/all/themes/neepco_new/js/jquery.fancybox.minda09.js]
[neepco.co.in/sites/all/themes/neepco_new/chart/chart.css]
[neepco.co.in/modules/file/icons/application-pdf.png]
[neepco.co.in/important-website-links.html]
[neepco.co.in/sitemap.html]
[neepco.co.in/screen-reader-access.html]
[neepco.co.in/hi/rss.xml]
[neepco.co.in/sites/all/themes/neepco_new/img/hi-logo.png]
[neepco.co.in/sites/all/themes/neepco_new/img/hi-logo-sm.png]
[neepco.co.in/sites/default/files/banner1n_0.jpg]
[neepco.co.in/sites/default/files/banner4n_0.jpg]
[neepco.co.in/sites/default/files/8_1_1_banner3Hindi.jpg]
[neepco.co.in/sites/default/files/1_1.jpg]
[neepco.co.in/sites/default/files/Shri-R.-K-new_0.jpg]
[neepco.co.in/sites/default/files/logoH_0.jpg]
[neepco.co.in/sites/default/files/brand2hi_0.png]
[neepco.co.in/hi.html]
[neepco.co.in/reports.html]
[neepco.co.in/sites/default/files/reports/Annual Report 2021-22 of NEEPCO.pdf]
[neepco.co.in/sites/default/files/reports/NEEPCO Annual Report_2020-21.pdf]
[neepco.co.in/sites/default/files/reports/Annual_Report_2019_20_FINAL_0.pdf]
[neepco.co.in/sites/default/files/reports/NEEPCO_Annual_Report_2018-19__FINAL_PRINTED_.pdf]
[neepco.co.in/sites/default/files/reports/AnnualReport_17-18.v1.pdf]
[neepco.co.in/sites/default/files/reports/AnlRptEng2016-17final.pdf]
